// Jest Snapshot v1, https://goo.gl/fbAQLP

exports[`<CreateUserForm /> unit test should render form with inputs 1`] = `
<Provider
  store={
    Object {
      "dispatch": [Function],
      "getState": [Function],
      "replaceReducer": [Function],
      "subscribe": [Function],
      Symbol(observable): [Function],
    }
  }
>
  <Connect(CreateUserForm)>
    <CreateUserForm
      handleSignUpRequest={[Function]}
    >
      <form
        action=""
        className="create-user-form p-3"
        method=""
      >
        <h2
          className="h4 mb-4"
        >
          Add new user
        </h2>
        <FormInput
          className="form-control mb-4"
          handleChange={[Function]}
          id="email"
          name="email"
          placeholder="email"
        >
          <input
            className="form-control mb-4"
            id="email"
            name="email"
            onChange={[Function]}
            placeholder="email"
          />
        </FormInput>
        <FormInput
          className="form-control mb-4"
          handleChange={[Function]}
          id="handle"
          name="handle"
          placeholder="user_name"
        >
          <input
            className="form-control mb-4"
            id="handle"
            name="handle"
            onChange={[Function]}
            placeholder="user_name"
          />
        </FormInput>
        <FormInput
          className="form-control mb-4"
          handleChange={[Function]}
          id="password"
          name="password"
          placeholder="password"
        >
          <input
            className="form-control mb-4"
            id="password"
            name="password"
            onChange={[Function]}
            placeholder="password"
          />
        </FormInput>
        <FormInput
          className="form-control mb-4"
          handleChange={[Function]}
          id="password"
          name="password"
          placeholder="password"
        >
          <input
            className="form-control mb-4"
            id="password"
            name="password"
            onChange={[Function]}
            placeholder="password"
          />
        </FormInput>
        <Button
          className="btn btn-primary btn-block my-4 waves-effect waves-light"
          onClick={[Function]}
          type="submit"
        >
          <button
            className="btn btn-primary btn-block my-4 waves-effect waves-light"
            onClick={[Function]}
            type="submit"
          >
             Submit 
          </button>
        </Button>
      </form>
    </CreateUserForm>
  </Connect(CreateUserForm)>
</Provider>
`;
